// Jest Snapshot v1, https://goo.gl/fbAQLP

exports[`SourceHolder DOM 1`] = `
<div
  className="fslightbox-source-holder fslightbox-full-dimension"
>
  <Loader />
</div>
`;

exports[`SourceHolder DOM should match snapshot 1`] = `
<div
  className="fslightbox-source-holder fslightbox-full-dimension"
>
  <Loader />
</div>
`;
