// Jest Snapshot v1, https://goo.gl/fbAQLP

exports[`Toolbar DOM should match snapshot 1`] = `
<div
  className="fslightbox-toolbar"
>
  <FullscreenButton
    fsLightbox={Object {}}
  />
  <CloseButton
    fsLightbox={Object {}}
  />
</div>
`;

exports[`toolbar DOM should match snapshot 1`] = `
<div
  className="fslightbox-toolbar"
>
  <FullscreenButton
    fsLightbox={Object {}}
  />
  <CloseButton
    fsLightbox={Object {}}
  />
</div>
`;
